============================================================
📊 IPTV 源统计报告 - 2026-08-28 05:54:42
📺 对应文件: iptv.m3u
🔒 隐私保护: 所有源URL已进行模糊处理
============================================================

📈 总体统计:
   总频道数: 856
   总源数量: 10150
   IPv4源: 8791
   IPv6源: 1359
   源类型比例: IPv4 86.6% | IPv6 13.4%

📺 频道分类统计:
   央视频道: 34个频道, 3369个源
   卫视频道: 45个频道, 4473个源
   山东专属频道: 16个频道, 1079个源
   港澳频道: 4个频道, 104个源
   电影频道: 11个频道, 174个源
   儿童频道: 8个频道, 140个源
   iHOT频道: 15个频道, 59个源
   综合频道: 26个频道, 148个源
   体育频道: 5个频道, 27个源
   剧场频道: 17个频道, 28个源

🔍 源质量评估:
   默认源: https://ghfast.top/***/resu****.m3u
     频道数: 0 | IPv4: 0 | IPv6: 0 | 质量: ★
   默认源: https://***.githubusercontent.com/***/ipv6.m3u
     频道数: 0 | IPv4: 0 | IPv6: 0 | 质量: ★
   默认源: https://***.githubusercontent.com/***/ipv4.txt
     频道数: 54 | IPv4: 432 | IPv6: 0 | 质量: ★★★★★
   默认源: http://***.99.30/***/2025.txt
     频道数: 0 | IPv4: 0 | IPv6: 0 | 质量: ★
   默认源: https://***.githubusercontent.com/***/iptv.m3u
     频道数: 168 | IPv4: 171 | IPv6: 3 | 质量: ★★★★★
   默认源: https://***.githubusercontent.com/***/iptv****.m3u
     频道数: 91 | IPv4: 91 | IPv6: 0 | 质量: ★★★★★
   默认源: https://***.githubusercontent.com/***/iptv.txt
     频道数: 124 | IPv4: 970 | IPv6: 0 | 质量: ★★★★★
   默认源: https://***.githubusercontent.com/***/live****.txt
     频道数: 91 | IPv4: 2032 | IPv6: 0 | 质量: ★★★★★
   默认源: https://***.githubusercontent.com/***/live****.txt
     频道数: 46 | IPv4: 0 | IPv6: 506 | 质量: ★★★★
   默认源: https://***.githubusercontent.com/***/othe****.txt
     频道数: 614 | IPv4: 1450 | IPv6: 389 | 质量: ★★★★★
   默认源: https://***.githubusercontent.com/***/merg****.txt
     频道数: 261 | IPv4: 3645 | IPv6: 461 | 质量: ★★★★★
   默认源: https://***.githubusercontent.com/***/merg****.m3u
     频道数: 0 | IPv4: 0 | IPv6: 0 | 质量: ★
   用户添加: http://***.html-5.me/***/9390****.txt
     频道数: 0 | IPv4: 0 | IPv6: 0 | 质量: ★

🏆 最佳用户源推荐:
   http://***.html-5.me/***/9390****.txt
   该源贡献了 0 个频道
   包含 0 个IPv4源和 0 个IPv6源

📊 频道源数量排行榜 (前10):
    1. CCTV5: 253个源
    2. CCTV12: 217个源
    3. 广东卫视: 208个源
    4. CCTV1: 203个源
    5. CCTV4: 201个源
    6. CCTV9: 198个源
    7. 东方卫视: 196个源
    8. CCTV2: 195个源
    9. 北京卫视: 192个源
   10. CCTV7: 191个源

============================================================
💡 提示: 建议优先使用IPv4源，IPv6源作为备选
🔒 隐私说明: 源URL已模糊处理以保护数据安全
============================================================
